#
# There is insufficient memory for the Java Runtime Environment to continue.
# Native memory allocation (malloc) failed to allocate 2612736 bytes for Chunk::new
# Possible reasons:
#   The system is out of physical RAM or swap space
#   The process is running with CompressedOops enabled, and the Java Heap may be blocking the growth of the native heap
# Possible solutions:
#   Reduce memory load on the system
#   Increase physical memory or swap space
#   Check if swap backing store is full
#   Decrease Java heap size (-Xmx/-Xms)
#   Decrease number of Java threads
#   Decrease Java thread stack sizes (-Xss)
#   Set larger code cache with -XX:ReservedCodeCacheSize=
#   JVM is running with Unscaled Compressed Oops mode in which the Java heap is
#     placed in the first 4GB address space. The Java Heap base address is the
#     maximum limit for the native heap growth. Please use -XX:HeapBaseMinAddress
#     to set the Java Heap base and to place the Java Heap above 4GB virtual address.
# This output file may be truncated or incomplete.
#
#  Out of Memory Error (arena.cpp:168), pid=21508, tid=3668
#
# JRE version: Java(TM) SE Runtime Environment (21.0.5+9) (build 21.0.5+9-LTS-239)
# Java VM: Java HotSpot(TM) 64-Bit Server VM (21.0.5+9-LTS-239, mixed mode, sharing, tiered, compressed oops, compressed class ptrs, g1 gc, windows-amd64)
# No core dump will be written. Minidumps are not enabled by default on client versions of Windows
#

---------------  S U M M A R Y ------------

Command Line: -agentlib:jdwp=transport=dt_socket,address=127.0.0.1:56512,suspend=y,server=n -javaagent:C:\Users\HP\AppData\Local\JetBrains\IdeaIC2024.2\captureAgent\debugger-agent.jar=file:/C:/Users/HP/AppData/Local/Temp/capture.props -Dkotlinx.coroutines.debug.enable.creation.stack.trace=false -Ddebugger.agent.enable.coroutines=true -Dfile.encoding=UTF-8 -Dsun.stdout.encoding=UTF-8 -Dsun.stderr.encoding=UTF-8 com.fb.posts.PostsApplication

Host: Intel(R) Core(TM) i3-5005U CPU @ 2.00GHz, 4 cores, 3G,  Windows 10 , 64 bit Build 19041 (10.0.19041.5678)
Time: Sun Jul 20 08:47:29 2025 India Standard Time elapsed time: 70.102066 seconds (0d 0h 1m 10s)

---------------  T H R E A D  ---------------

Current thread (0x000001a86f02ddf0):  JavaThread "C2 CompilerThread0" daemon [_thread_in_native, id=3668, stack(0x0000004d41300000,0x0000004d41400000) (1024K)]


Current CompileTask:
C2:  70102 7600       4       org.springframework.aop.aspectj.AspectJExpressionPointcut::matches (74 bytes)

Stack: [0x0000004d41300000,0x0000004d41400000]
Native frames: (J=compiled Java code, j=interpreted, Vv=VM code, C=native code)
V  [jvm.dll+0x6ca289]
V  [jvm.dll+0x854a51]
V  [jvm.dll+0x856f7e]
V  [jvm.dll+0x857653]
V  [jvm.dll+0x27dd26]
V  [jvm.dll+0xc4c2d]
V  [jvm.dll+0xc5163]
V  [jvm.dll+0x3b4d3c]
V  [jvm.dll+0x1df809]
V  [jvm.dll+0x246a62]
V  [jvm.dll+0x245eef]
V  [jvm.dll+0x1c6d0e]
V  [jvm.dll+0x2554d9]
V  [jvm.dll+0x253a6a]
V  [jvm.dll+0x3ee136]
V  [jvm.dll+0x7fee9b]
V  [jvm.dll+0x6c896d]
C  [ucrtbase.dll+0x21bb2]
C  [KERNEL32.DLL+0x17374]
C  [ntdll.dll+0x4cc91]


---------------  P R O C E S S  ---------------

Threads class SMR info:
_java_thread_list=0x000001a8789e2670, length=22, elements={
0x000001a852321e40, 0x000001a86f00adb0, 0x000001a86f00ca10, 0x000001a86f0167c0,
0x000001a86f017210, 0x000001a86f01a080, 0x000001a86f020c50, 0x000001a86f02ddf0,
0x000001a86f02e880, 0x000001a86f021970, 0x000001a86f3a0b50, 0x000001a86f397910,
0x000001a86f397f90, 0x000001a86f022690, 0x000001a86f0212e0, 0x000001a86f022000,
0x000001a86f0205c0, 0x000001a86f023a40, 0x000001a875fbcdc0, 0x000001a875fc1c80,
0x000001a875fbfbb0, 0x000001a875fbf520
}

Java Threads: ( => current thread )
  0x000001a852321e40 JavaThread "main"                              [_thread_blocked, id=19752, stack(0x0000004d40500000,0x0000004d40600000) (1024K)]
  0x000001a86f00adb0 JavaThread "Reference Handler"          daemon [_thread_blocked, id=7536, stack(0x0000004d40d00000,0x0000004d40e00000) (1024K)]
  0x000001a86f00ca10 JavaThread "Finalizer"                  daemon [_thread_blocked, id=3876, stack(0x0000004d40e00000,0x0000004d40f00000) (1024K)]
  0x000001a86f0167c0 JavaThread "Signal Dispatcher"          daemon [_thread_blocked, id=18468, stack(0x0000004d40f00000,0x0000004d41000000) (1024K)]
  0x000001a86f017210 JavaThread "Attach Listener"            daemon [_thread_blocked, id=14420, stack(0x0000004d41000000,0x0000004d41100000) (1024K)]
  0x000001a86f01a080 JavaThread "Service Thread"             daemon [_thread_blocked, id=14348, stack(0x0000004d41100000,0x0000004d41200000) (1024K)]
  0x000001a86f020c50 JavaThread "Monitor Deflation Thread"   daemon [_thread_blocked, id=6484, stack(0x0000004d41200000,0x0000004d41300000) (1024K)]
=>0x000001a86f02ddf0 JavaThread "C2 CompilerThread0"         daemon [_thread_in_native, id=3668, stack(0x0000004d41300000,0x0000004d41400000) (1024K)]
  0x000001a86f02e880 JavaThread "C1 CompilerThread0"         daemon [_thread_blocked, id=22108, stack(0x0000004d41400000,0x0000004d41500000) (1024K)]
  0x000001a86f021970 JavaThread "Common-Cleaner"             daemon [_thread_blocked, id=14232, stack(0x0000004d41500000,0x0000004d41600000) (1024K)]
  0x000001a86f3a0b50 JavaThread "JDWP Transport Listener: dt_socket" daemon [_thread_blocked, id=20216, stack(0x0000004d41600000,0x0000004d41700000) (1024K)]
  0x000001a86f397910 JavaThread "JDWP Event Helper Thread"   daemon [_thread_blocked, id=23684, stack(0x0000004d41700000,0x0000004d41800000) (1024K)]
  0x000001a86f397f90 JavaThread "JDWP Command Reader"        daemon [_thread_in_native, id=2404, stack(0x0000004d41800000,0x0000004d41900000) (1024K)]
  0x000001a86f022690 JavaThread "Notification Thread"        daemon [_thread_blocked, id=13120, stack(0x0000004d41900000,0x0000004d41a00000) (1024K)]
  0x000001a86f0212e0 JavaThread "Thread-0"                          [_thread_blocked, id=4456, stack(0x0000004d41d00000,0x0000004d41e00000) (1024K)]
  0x000001a86f022000 JavaThread "restartedMain"                     [_thread_in_native, id=8604, stack(0x0000004d41e00000,0x0000004d41f00000) (1024K)]
  0x000001a86f0205c0 JavaThread "Keep-Alive-Timer"           daemon [_thread_blocked, id=5548, stack(0x0000004d42000000,0x0000004d42100000) (1024K)]
  0x000001a86f023a40 JavaThread "Catalina-utility-1"                [_thread_blocked, id=16304, stack(0x0000004d42100000,0x0000004d42200000) (1024K)]
  0x000001a875fbcdc0 JavaThread "Catalina-utility-2"                [_thread_blocked, id=17028, stack(0x0000004d42200000,0x0000004d42300000) (1024K)]
  0x000001a875fc1c80 JavaThread "container-0"                       [_thread_blocked, id=16428, stack(0x0000004d42300000,0x0000004d42400000) (1024K)]
  0x000001a875fbfbb0 JavaThread "mysql-cj-abandoned-connection-cleanup" daemon [_thread_blocked, id=19408, stack(0x0000004d42400000,0x0000004d42500000) (1024K)]
  0x000001a875fbf520 JavaThread "HikariPool-1 housekeeper"   daemon [_thread_blocked, id=22684, stack(0x0000004d42700000,0x0000004d42800000) (1024K)]
Total: 22

Other Threads:
  0x000001a8524de900 VMThread "VM Thread"                           [id=19144, stack(0x0000004d40c00000,0x0000004d40d00000) (1024K)]
  0x000001a86efec0d0 WatcherThread "VM Periodic Task Thread"        [id=22408, stack(0x0000004d40b00000,0x0000004d40c00000) (1024K)]
  0x000001a85245b700 WorkerThread "GC Thread#0"                     [id=19016, stack(0x0000004d40600000,0x0000004d40700000) (1024K)]
  0x000001a86faf6bf0 WorkerThread "GC Thread#1"                     [id=8972, stack(0x0000004d41a00000,0x0000004d41b00000) (1024K)]
  0x000001a86fb27070 WorkerThread "GC Thread#2"                     [id=2276, stack(0x0000004d41b00000,0x0000004d41c00000) (1024K)]
  0x000001a86fb27410 WorkerThread "GC Thread#3"                     [id=2460, stack(0x0000004d41c00000,0x0000004d41d00000) (1024K)]
  0x000001a852464610 ConcurrentGCThread "G1 Main Marker"            [id=24468, stack(0x0000004d40700000,0x0000004d40800000) (1024K)]
  0x000001a8524658b0 WorkerThread "G1 Conc#0"                       [id=20912, stack(0x0000004d40800000,0x0000004d40900000) (1024K)]
  0x000001a8524c2150 ConcurrentGCThread "G1 Refine#0"               [id=20596, stack(0x0000004d40900000,0x0000004d40a00000) (1024K)]
  0x000001a8524c3be0 ConcurrentGCThread "G1 Service"                [id=11524, stack(0x0000004d40a00000,0x0000004d40b00000) (1024K)]
Total: 10

Threads with active compile tasks:
C2 CompilerThread0    70181 7600       4       org.springframework.aop.aspectj.AspectJExpressionPointcut::matches (74 bytes)
Total: 1

VM state: not at safepoint (normal execution)

VM Mutex/Monitor currently owned by a thread: None

Heap address: 0x00000000c1400000, size: 1004 MB, Compressed Oops mode: 32-bit

CDS archive(s) mapped at: [0x000001a800000000-0x000001a800c90000-0x000001a800c90000), size 13172736, SharedBaseAddress: 0x000001a800000000, ArchiveRelocationMode: 1.
Compressed class space mapped at: 0x000001a801000000-0x000001a841000000, reserved size: 1073741824
Narrow klass base: 0x000001a800000000, Narrow klass shift: 0, Narrow klass range: 0x100000000

GC Precious Log:
 CardTable entry size: 512
 Card Set container configuration: InlinePtr #cards 5 size 8 Array Of Cards #cards 12 size 40 Howl #buckets 4 coarsen threshold 1843 Howl Bitmap #cards 512 size 80 coarsen threshold 460 Card regions per heap region 1 cards per card region 2048
 CPUs: 4 total, 4 available
 Memory: 4008M
 Large Page Support: Disabled
 NUMA Support: Disabled
 Compressed Oops: Enabled (32-bit)
 Heap Region Size: 1M
 Heap Min Capacity: 8M
 Heap Initial Capacity: 64M
 Heap Max Capacity: 1004M
 Pre-touch: Disabled
 Parallel Workers: 4
 Concurrent Workers: 1
 Concurrent Refinement Workers: 4
 Periodic GC: Disabled

Heap:
 garbage-first heap   total 91136K, used 50675K [0x00000000c1400000, 0x0000000100000000)
  region size 1024K, 10 young (10240K), 4 survivors (4096K)
 Metaspace       used 73867K, committed 74624K, reserved 1114112K
  class space    used 9771K, committed 10112K, reserved 1048576K

Heap Regions: E=young(eden), S=young(survivor), O=old, HS=humongous(starts), HC=humongous(continues), CS=collection set, F=free, TAMS=top-at-mark-start, PB=parsable bottom
|   0|0x00000000c1400000, 0x00000000c1500000, 0x00000000c1500000|100%| O|  |TAMS 0x00000000c1500000| PB 0x00000000c1400000| Untracked 
|   1|0x00000000c1500000, 0x00000000c1600000, 0x00000000c1600000|100%|HS|  |TAMS 0x00000000c1600000| PB 0x00000000c1500000| Complete 
|   2|0x00000000c1600000, 0x00000000c1700000, 0x00000000c1700000|100%| O|  |TAMS 0x00000000c1700000| PB 0x00000000c1600000| Untracked 
|   3|0x00000000c1700000, 0x00000000c1800000, 0x00000000c1800000|100%| O|  |TAMS 0x00000000c1800000| PB 0x00000000c1700000| Untracked 
|   4|0x00000000c1800000, 0x00000000c1900000, 0x00000000c1900000|100%| O|  |TAMS 0x00000000c1900000| PB 0x00000000c1800000| Untracked 
|   5|0x00000000c1900000, 0x00000000c1a00000, 0x00000000c1a00000|100%| O|  |TAMS 0x00000000c1a00000| PB 0x00000000c1900000| Untracked 
|   6|0x00000000c1a00000, 0x00000000c1b00000, 0x00000000c1b00000|100%| O|  |TAMS 0x00000000c1b00000| PB 0x00000000c1a00000| Untracked 
|   7|0x00000000c1b00000, 0x00000000c1c00000, 0x00000000c1c00000|100%| O|  |TAMS 0x00000000c1c00000| PB 0x00000000c1b00000| Untracked 
|   8|0x00000000c1c00000, 0x00000000c1d00000, 0x00000000c1d00000|100%| O|  |TAMS 0x00000000c1d00000| PB 0x00000000c1c00000| Untracked 
|   9|0x00000000c1d00000, 0x00000000c1e00000, 0x00000000c1e00000|100%| O|  |TAMS 0x00000000c1e00000| PB 0x00000000c1d00000| Untracked 
|  10|0x00000000c1e00000, 0x00000000c1f00000, 0x00000000c1f00000|100%| O|  |TAMS 0x00000000c1f00000| PB 0x00000000c1e00000| Untracked 
|  11|0x00000000c1f00000, 0x00000000c2000000, 0x00000000c2000000|100%| O|  |TAMS 0x00000000c2000000| PB 0x00000000c1f00000| Untracked 
|  12|0x00000000c2000000, 0x00000000c2100000, 0x00000000c2100000|100%| O|  |TAMS 0x00000000c2100000| PB 0x00000000c2000000| Untracked 
|  13|0x00000000c2100000, 0x00000000c2200000, 0x00000000c2200000|100%| O|  |TAMS 0x00000000c2200000| PB 0x00000000c2100000| Untracked 
|  14|0x00000000c2200000, 0x00000000c2300000, 0x00000000c2300000|100%| O|  |TAMS 0x00000000c2300000| PB 0x00000000c2200000| Untracked 
|  15|0x00000000c2300000, 0x00000000c2400000, 0x00000000c2400000|100%| O|  |TAMS 0x00000000c2400000| PB 0x00000000c2300000| Untracked 
|  16|0x00000000c2400000, 0x00000000c2500000, 0x00000000c2500000|100%| O|  |TAMS 0x00000000c2500000| PB 0x00000000c2400000| Untracked 
|  17|0x00000000c2500000, 0x00000000c2600000, 0x00000000c2600000|100%| O|  |TAMS 0x00000000c2500000| PB 0x00000000c2500000| Untracked 
|  18|0x00000000c2600000, 0x00000000c2700000, 0x00000000c2700000|100%| O|  |TAMS 0x00000000c2700000| PB 0x00000000c2600000| Untracked 
|  19|0x00000000c2700000, 0x00000000c2800000, 0x00000000c2800000|100%| O|  |TAMS 0x00000000c2800000| PB 0x00000000c2700000| Untracked 
|  20|0x00000000c2800000, 0x00000000c2900000, 0x00000000c2900000|100%| O|  |TAMS 0x00000000c2900000| PB 0x00000000c2800000| Untracked 
|  21|0x00000000c2900000, 0x00000000c2a00000, 0x00000000c2a00000|100%| O|  |TAMS 0x00000000c2a00000| PB 0x00000000c2900000| Untracked 
|  22|0x00000000c2a00000, 0x00000000c2b00000, 0x00000000c2b00000|100%| O|  |TAMS 0x00000000c2b00000| PB 0x00000000c2a00000| Untracked 
|  23|0x00000000c2b00000, 0x00000000c2c00000, 0x00000000c2c00000|100%| O|  |TAMS 0x00000000c2c00000| PB 0x00000000c2b00000| Untracked 
|  24|0x00000000c2c00000, 0x00000000c2d00000, 0x00000000c2d00000|100%| O|  |TAMS 0x00000000c2d00000| PB 0x00000000c2c00000| Untracked 
|  25|0x00000000c2d00000, 0x00000000c2e00000, 0x00000000c2e00000|100%| O|  |TAMS 0x00000000c2e00000| PB 0x00000000c2d00000| Untracked 
|  26|0x00000000c2e00000, 0x00000000c2f00000, 0x00000000c2f00000|100%| O|  |TAMS 0x00000000c2f00000| PB 0x00000000c2e00000| Untracked 
|  27|0x00000000c2f00000, 0x00000000c3000000, 0x00000000c3000000|100%| O|  |TAMS 0x00000000c3000000| PB 0x00000000c2f00000| Untracked 
|  28|0x00000000c3000000, 0x00000000c3100000, 0x00000000c3100000|100%| O|  |TAMS 0x00000000c3100000| PB 0x00000000c3000000| Untracked 
|  29|0x00000000c3100000, 0x00000000c3200000, 0x00000000c3200000|100%| O|  |TAMS 0x00000000c3200000| PB 0x00000000c3100000| Untracked 
|  30|0x00000000c3200000, 0x00000000c3300000, 0x00000000c3300000|100%| O|  |TAMS 0x00000000c3300000| PB 0x00000000c3200000| Untracked 
|  31|0x00000000c3300000, 0x00000000c3400000, 0x00000000c3400000|100%| O|  |TAMS 0x00000000c3400000| PB 0x00000000c3300000| Untracked 
|  32|0x00000000c3400000, 0x00000000c3500000, 0x00000000c3500000|100%| O|  |TAMS 0x00000000c3500000| PB 0x00000000c3400000| Untracked 
|  33|0x00000000c3500000, 0x00000000c3600000, 0x00000000c3600000|100%| O|  |TAMS 0x00000000c3600000| PB 0x00000000c3500000| Untracked 
|  34|0x00000000c3600000, 0x00000000c3700000, 0x00000000c3700000|100%| O|  |TAMS 0x00000000c3700000| PB 0x00000000c3600000| Untracked 
|  35|0x00000000c3700000, 0x00000000c37eb830, 0x00000000c3800000| 91%| O|  |TAMS 0x00000000c3700000| PB 0x00000000c3700000| Untracked 
|  36|0x00000000c3800000, 0x00000000c3900000, 0x00000000c3900000|100%| O|  |TAMS 0x00000000c3900000| PB 0x00000000c3800000| Untracked 
|  37|0x00000000c3900000, 0x00000000c3a00000, 0x00000000c3a00000|100%| O|  |TAMS 0x00000000c3a00000| PB 0x00000000c3900000| Untracked 
|  38|0x00000000c3a00000, 0x00000000c3b00000, 0x00000000c3b00000|100%| O|  |TAMS 0x00000000c3b00000| PB 0x00000000c3a00000| Untracked 
|  39|0x00000000c3b00000, 0x00000000c3c00000, 0x00000000c3c00000|100%| O|  |TAMS 0x00000000c3c00000| PB 0x00000000c3b00000| Untracked 
|  40|0x00000000c3c00000, 0x00000000c3d00000, 0x00000000c3d00000|100%| O|  |TAMS 0x00000000c3c897f0| PB 0x00000000c3c00000| Untracked 
|  41|0x00000000c3d00000, 0x00000000c3d00000, 0x00000000c3e00000|  0%| F|  |TAMS 0x00000000c3d00000| PB 0x00000000c3d00000| Untracked 
|  42|0x00000000c3e00000, 0x00000000c3e00000, 0x00000000c3f00000|  0%| F|  |TAMS 0x00000000c3e00000| PB 0x00000000c3e00000| Untracked 
|  43|0x00000000c3f00000, 0x00000000c3f00000, 0x00000000c4000000|  0%| F|  |TAMS 0x00000000c3f00000| PB 0x00000000c3f00000| Untracked 
|  44|0x00000000c4000000, 0x00000000c4000000, 0x00000000c4100000|  0%| F|  |TAMS 0x00000000c4000000| PB 0x00000000c4000000| Untracked 
|  45|0x00000000c4100000, 0x00000000c4100000, 0x00000000c4200000|  0%| F|  |TAMS 0x00000000c4100000| PB 0x00000000c4100000| Untracked 
|  46|0x00000000c4200000, 0x00000000c4200000, 0x00000000c4300000|  0%| F|  |TAMS 0x00000000c4200000| PB 0x00000000c4200000| Untracked 
|  47|0x00000000c4300000, 0x00000000c4300000, 0x00000000c4400000|  0%| F|  |TAMS 0x00000000c4300000| PB 0x00000000c4300000| Untracked 
|  48|0x00000000c4400000, 0x00000000c4400000, 0x00000000c4500000|  0%| F|  |TAMS 0x00000000c4400000| PB 0x00000000c4400000| Untracked 
|  49|0x00000000c4500000, 0x00000000c45915a8, 0x00000000c4600000| 56%| S|CS|TAMS 0x00000000c4500000| PB 0x00000000c4500000| Complete 
|  50|0x00000000c4600000, 0x00000000c4600000, 0x00000000c4700000|  0%| F|  |TAMS 0x00000000c4600000| PB 0x00000000c4600000| Untracked 
|  51|0x00000000c4700000, 0x00000000c4800000, 0x00000000c4800000|100%| S|CS|TAMS 0x00000000c4700000| PB 0x00000000c4700000| Complete 
|  52|0x00000000c4800000, 0x00000000c4900000, 0x00000000c4900000|100%| S|CS|TAMS 0x00000000c4800000| PB 0x00000000c4800000| Complete 
|  53|0x00000000c4900000, 0x00000000c4a00000, 0x00000000c4a00000|100%| S|CS|TAMS 0x00000000c4900000| PB 0x00000000c4900000| Complete 
|  54|0x00000000c4a00000, 0x00000000c4a00000, 0x00000000c4b00000|  0%| F|  |TAMS 0x00000000c4a00000| PB 0x00000000c4a00000| Untracked 
|  55|0x00000000c4b00000, 0x00000000c4b00000, 0x00000000c4c00000|  0%| F|  |TAMS 0x00000000c4b00000| PB 0x00000000c4b00000| Untracked 
|  56|0x00000000c4c00000, 0x00000000c4c00000, 0x00000000c4d00000|  0%| F|  |TAMS 0x00000000c4c00000| PB 0x00000000c4c00000| Untracked 
|  57|0x00000000c4d00000, 0x00000000c4d00000, 0x00000000c4e00000|  0%| F|  |TAMS 0x00000000c4d00000| PB 0x00000000c4d00000| Untracked 
|  58|0x00000000c4e00000, 0x00000000c4e00000, 0x00000000c4f00000|  0%| F|  |TAMS 0x00000000c4e00000| PB 0x00000000c4e00000| Untracked 
|  59|0x00000000c4f00000, 0x00000000c4f00000, 0x00000000c5000000|  0%| F|  |TAMS 0x00000000c4f00000| PB 0x00000000c4f00000| Untracked 
|  60|0x00000000c5000000, 0x00000000c5000000, 0x00000000c5100000|  0%| F|  |TAMS 0x00000000c5000000| PB 0x00000000c5000000| Untracked 
|  61|0x00000000c5100000, 0x00000000c5100000, 0x00000000c5200000|  0%| F|  |TAMS 0x00000000c5100000| PB 0x00000000c5100000| Untracked 
|  62|0x00000000c5200000, 0x00000000c5200000, 0x00000000c5300000|  0%| F|  |TAMS 0x00000000c5200000| PB 0x00000000c5200000| Untracked 
|  63|0x00000000c5300000, 0x00000000c5300000, 0x00000000c5400000|  0%| F|  |TAMS 0x00000000c5300000| PB 0x00000000c5300000| Untracked 
|  64|0x00000000c5400000, 0x00000000c5400000, 0x00000000c5500000|  0%| F|  |TAMS 0x00000000c5400000| PB 0x00000000c5400000| Untracked 
|  65|0x00000000c5500000, 0x00000000c5500000, 0x00000000c5600000|  0%| F|  |TAMS 0x00000000c5500000| PB 0x00000000c5500000| Untracked 
|  66|0x00000000c5600000, 0x00000000c5600000, 0x00000000c5700000|  0%| F|  |TAMS 0x00000000c5600000| PB 0x00000000c5600000| Untracked 
|  67|0x00000000c5700000, 0x00000000c5700000, 0x00000000c5800000|  0%| F|  |TAMS 0x00000000c5700000| PB 0x00000000c5700000| Untracked 
|  68|0x00000000c5800000, 0x00000000c5800000, 0x00000000c5900000|  0%| F|  |TAMS 0x00000000c5800000| PB 0x00000000c5800000| Untracked 
|  69|0x00000000c5900000, 0x00000000c5900000, 0x00000000c5a00000|  0%| F|  |TAMS 0x00000000c5900000| PB 0x00000000c5900000| Untracked 
|  70|0x00000000c5a00000, 0x00000000c5a00000, 0x00000000c5b00000|  0%| F|  |TAMS 0x00000000c5a00000| PB 0x00000000c5a00000| Untracked 
|  71|0x00000000c5b00000, 0x00000000c5b00000, 0x00000000c5c00000|  0%| F|  |TAMS 0x00000000c5b00000| PB 0x00000000c5b00000| Untracked 
|  72|0x00000000c5c00000, 0x00000000c5c00000, 0x00000000c5d00000|  0%| F|  |TAMS 0x00000000c5c00000| PB 0x00000000c5c00000| Untracked 
|  73|0x00000000c5d00000, 0x00000000c5d00000, 0x00000000c5e00000|  0%| F|  |TAMS 0x00000000c5d00000| PB 0x00000000c5d00000| Untracked 
|  74|0x00000000c5e00000, 0x00000000c5e00000, 0x00000000c5f00000|  0%| F|  |TAMS 0x00000000c5e00000| PB 0x00000000c5e00000| Untracked 
|  75|0x00000000c5f00000, 0x00000000c5f00000, 0x00000000c6000000|  0%| F|  |TAMS 0x00000000c5f00000| PB 0x00000000c5f00000| Untracked 
|  76|0x00000000c6000000, 0x00000000c6000000, 0x00000000c6100000|  0%| F|  |TAMS 0x00000000c6000000| PB 0x00000000c6000000| Untracked 
|  77|0x00000000c6100000, 0x00000000c6100000, 0x00000000c6200000|  0%| F|  |TAMS 0x00000000c6100000| PB 0x00000000c6100000| Untracked 
|  78|0x00000000c6200000, 0x00000000c6200000, 0x00000000c6300000|  0%| F|  |TAMS 0x00000000c6200000| PB 0x00000000c6200000| Untracked 
|  79|0x00000000c6300000, 0x00000000c6300000, 0x00000000c6400000|  0%| F|  |TAMS 0x00000000c6300000| PB 0x00000000c6300000| Untracked 
|  80|0x00000000c6400000, 0x00000000c6400000, 0x00000000c6500000|  0%| F|  |TAMS 0x00000000c6400000| PB 0x00000000c6400000| Untracked 
|  81|0x00000000c6500000, 0x00000000c6500000, 0x00000000c6600000|  0%| F|  |TAMS 0x00000000c6500000| PB 0x00000000c6500000| Untracked 
|  82|0x00000000c6600000, 0x00000000c6600000, 0x00000000c6700000|  0%| F|  |TAMS 0x00000000c6600000| PB 0x00000000c6600000| Untracked 
|  83|0x00000000c6700000, 0x00000000c6800000, 0x00000000c6800000|100%| E|  |TAMS 0x00000000c6700000| PB 0x00000000c6700000| Complete 
|  84|0x00000000c6800000, 0x00000000c6900000, 0x00000000c6900000|100%| E|CS|TAMS 0x00000000c6800000| PB 0x00000000c6800000| Complete 
|  85|0x00000000c6900000, 0x00000000c6a00000, 0x00000000c6a00000|100%| E|CS|TAMS 0x00000000c6900000| PB 0x00000000c6900000| Complete 
|  86|0x00000000c6a00000, 0x00000000c6b00000, 0x00000000c6b00000|100%| E|CS|TAMS 0x00000000c6a00000| PB 0x00000000c6a00000| Complete 
|  87|0x00000000c6b00000, 0x00000000c6c00000, 0x00000000c6c00000|100%| E|CS|TAMS 0x00000000c6b00000| PB 0x00000000c6b00000| Complete 
|  88|0x00000000c6c00000, 0x00000000c6d00000, 0x00000000c6d00000|100%| E|CS|TAMS 0x00000000c6c00000| PB 0x00000000c6c00000| Complete 

Card table byte_map: [0x000001a86b8b0000,0x000001a86bab0000] _byte_map_base: 0x000001a86b2a6000

Marking Bits: (CMBitMap*) 0x000001a85245be00
 Bits: [0x000001a86bab0000, 0x000001a86ca60000)

Polling page: 0x000001a8524e0000

Metaspace:

Usage:
  Non-class:     62.60 MB used.
      Class:      9.54 MB used.
       Both:     72.15 MB used.

Virtual space:
  Non-class space:       64.00 MB reserved,      63.00 MB ( 98%) committed,  1 nodes.
      Class space:        1.00 GB reserved,       9.88 MB ( <1%) committed,  1 nodes.
             Both:        1.06 GB reserved,      72.88 MB (  7%) committed. 

Chunk freelists:
   Non-Class:  430.00 KB
       Class:  6.01 MB
        Both:  6.43 MB

MaxMetaspaceSize: unlimited
CompressedClassSpaceSize: 1.00 GB
Initial GC threshold: 21.00 MB
Current GC threshold: 114.31 MB
CDS: on
 - commit_granule_bytes: 65536.
 - commit_granule_words: 8192.
 - virtual_space_node_default_size: 8388608.
 - enlarge_chunks_in_place: 1.
 - use_allocation_guard: 0.


Internal statistics:

num_allocs_failed_limit: 8.
num_arena_births: 1028.
num_arena_deaths: 0.
num_vsnodes_births: 2.
num_vsnodes_deaths: 0.
num_space_committed: 1166.
num_space_uncommitted: 0.
num_chunks_returned_to_freelist: 8.
num_chunks_taken_from_freelist: 3713.
num_chunk_merges: 8.
num_chunk_splits: 2662.
num_chunks_enlarged: 2057.
num_inconsistent_stats: 0.

CodeHeap 'non-profiled nmethods': size=120000Kb used=4239Kb max_used=4239Kb free=115761Kb
 bounds [0x000001a863b60000, 0x000001a863f90000, 0x000001a86b090000]
CodeHeap 'profiled nmethods': size=120000Kb used=13456Kb max_used=13456Kb free=106543Kb
 bounds [0x000001a85c090000, 0x000001a85cdc0000, 0x000001a8635c0000]
CodeHeap 'non-nmethods': size=5760Kb used=1755Kb max_used=1794Kb free=4004Kb
 bounds [0x000001a8635c0000, 0x000001a863830000, 0x000001a863b60000]
 total_blobs=7483 nmethods=6756 adapters=631
 compilation: enabled
              stopped_count=0, restarted_count=0
 full_count=0

Compilation events (20 events):
Event: 69.961 Thread 0x000001a86f02e880 7818       2       java.lang.reflect.Modifier::toString (185 bytes)
Event: 69.961 Thread 0x000001a86f02e880 nmethod 7818 0x000001a85cd93610 code [0x000001a85cd93860, 0x000001a85cd93c60]
Event: 69.961 Thread 0x000001a86f02e880 7819       2       java.lang.reflect.Method::specificToStringHeader (44 bytes)
Event: 69.962 Thread 0x000001a86f02e880 nmethod 7819 0x000001a85cd93e90 code [0x000001a85cd94080, 0x000001a85cd942d8]
Event: 69.963 Thread 0x000001a86f02e880 7822       2       java.util.concurrent.ConcurrentHashMap::compareComparables (27 bytes)
Event: 69.963 Thread 0x000001a86f02e880 nmethod 7822 0x000001a85cd94510 code [0x000001a85cd946c0, 0x000001a85cd94880]
Event: 69.964 Thread 0x000001a86f02e880 7823       2       org.springframework.core.MethodClassKey::compareTo (9 bytes)
Event: 69.964 Thread 0x000001a86f02e880 nmethod 7823 0x000001a85cd94990 code [0x000001a85cd94b40, 0x000001a85cd94cb0]
Event: 69.964 Thread 0x000001a86f02e880 7824       2       org.springframework.core.MethodClassKey::compareTo (78 bytes)
Event: 69.964 Thread 0x000001a86f02e880 nmethod 7824 0x000001a85cd94d90 code [0x000001a85cd94f80, 0x000001a85cd95230]
Event: 69.965 Thread 0x000001a86f02e880 7825       2       java.util.concurrent.ConcurrentHashMap$TreeBin::balanceInsertion (245 bytes)
Event: 69.966 Thread 0x000001a86f02e880 nmethod 7825 0x000001a85cd95510 code [0x000001a85cd95720, 0x000001a85cd95da0]
Event: 69.968 Thread 0x000001a86f02e880 7826       3       org.aspectj.apache.bcel.classfile.Constant::readConstant (280 bytes)
Event: 69.991 Thread 0x000001a86f02e880 nmethod 7826 0x000001a85cd96290 code [0x000001a85cd970e0, 0x000001a85cda0148]
Event: 69.991 Thread 0x000001a86f02e880 7828       2       java.util.concurrent.ConcurrentHashMap$TreeBin::tieBreakOrder (49 bytes)
Event: 69.992 Thread 0x000001a86f02e880 nmethod 7828 0x000001a85cda3490 code [0x000001a85cda3660, 0x000001a85cda38a0]
Event: 69.992 Thread 0x000001a86f02e880 7829       3       org.aspectj.weaver.TypeFactory::createTypeFromSignature (985 bytes)
Event: 70.002 Thread 0x000001a86f02e880 nmethod 7829 0x000001a85cda3a90 code [0x000001a85cda4660, 0x000001a85cdaad18]
Event: 70.002 Thread 0x000001a86f02e880 7830       2       sun.reflect.generics.reflectiveObjects.LazyReflectiveObjectGenerator::reifyBounds (51 bytes)
Event: 70.003 Thread 0x000001a86f02e880 nmethod 7830 0x000001a85cdad990 code [0x000001a85cdadb60, 0x000001a85cdadfb0]

GC Heap History (20 events):
Event: 55.860 GC heap before
{Heap before GC invocations=13 (full 0):
 garbage-first heap   total 55296K, used 46802K [0x00000000c1400000, 0x0000000100000000)
  region size 1024K, 25 young (25600K), 3 survivors (3072K)
 Metaspace       used 38956K, committed 39488K, reserved 1114112K
  class space    used 4941K, committed 5184K, reserved 1048576K
}
Event: 55.869 GC heap after
{Heap after GC invocations=14 (full 0):
 garbage-first heap   total 55296K, used 26413K [0x00000000c1400000, 0x0000000100000000)
  region size 1024K, 3 young (3072K), 3 survivors (3072K)
 Metaspace       used 38956K, committed 39488K, reserved 1114112K
  class space    used 4941K, committed 5184K, reserved 1048576K
}
Event: 56.665 GC heap before
{Heap before GC invocations=14 (full 0):
 garbage-first heap   total 55296K, used 47917K [0x00000000c1400000, 0x0000000100000000)
  region size 1024K, 24 young (24576K), 3 survivors (3072K)
 Metaspace       used 39647K, committed 40192K, reserved 1114112K
  class space    used 5071K, committed 5312K, reserved 1048576K
}
Event: 56.675 GC heap after
{Heap after GC invocations=15 (full 0):
 garbage-first heap   total 55296K, used 27407K [0x00000000c1400000, 0x0000000100000000)
  region size 1024K, 3 young (3072K), 3 survivors (3072K)
 Metaspace       used 39647K, committed 40192K, reserved 1114112K
  class space    used 5071K, committed 5312K, reserved 1048576K
}
Event: 57.535 GC heap before
{Heap before GC invocations=15 (full 0):
 garbage-first heap   total 55296K, used 39695K [0x00000000c1400000, 0x0000000100000000)
  region size 1024K, 17 young (17408K), 3 survivors (3072K)
 Metaspace       used 42935K, committed 43456K, reserved 1114112K
  class space    used 5406K, committed 5632K, reserved 1048576K
}
Event: 57.545 GC heap after
{Heap after GC invocations=16 (full 0):
 garbage-first heap   total 55296K, used 29614K [0x00000000c1400000, 0x0000000100000000)
  region size 1024K, 3 young (3072K), 3 survivors (3072K)
 Metaspace       used 42935K, committed 43456K, reserved 1114112K
  class space    used 5406K, committed 5632K, reserved 1048576K
}
Event: 57.956 GC heap before
{Heap before GC invocations=17 (full 0):
 garbage-first heap   total 75776K, used 53166K [0x00000000c1400000, 0x0000000100000000)
  region size 1024K, 20 young (20480K), 3 survivors (3072K)
 Metaspace       used 42936K, committed 43456K, reserved 1114112K
  class space    used 5406K, committed 5632K, reserved 1048576K
}
Event: 57.966 GC heap after
{Heap after GC invocations=18 (full 0):
 garbage-first heap   total 75776K, used 32142K [0x00000000c1400000, 0x0000000100000000)
  region size 1024K, 3 young (3072K), 3 survivors (3072K)
 Metaspace       used 42936K, committed 43456K, reserved 1114112K
  class space    used 5406K, committed 5632K, reserved 1048576K
}
Event: 59.546 GC heap before
{Heap before GC invocations=18 (full 0):
 garbage-first heap   total 75776K, used 64910K [0x00000000c1400000, 0x0000000100000000)
  region size 1024K, 34 young (34816K), 3 survivors (3072K)
 Metaspace       used 44404K, committed 45056K, reserved 1114112K
  class space    used 5601K, committed 5888K, reserved 1048576K
}
Event: 59.556 GC heap after
{Heap after GC invocations=19 (full 0):
 garbage-first heap   total 91136K, used 33410K [0x00000000c1400000, 0x0000000100000000)
  region size 1024K, 2 young (2048K), 2 survivors (2048K)
 Metaspace       used 44404K, committed 45056K, reserved 1114112K
  class space    used 5601K, committed 5888K, reserved 1048576K
}
Event: 61.149 GC heap before
{Heap before GC invocations=19 (full 0):
 garbage-first heap   total 91136K, used 77442K [0x00000000c1400000, 0x0000000100000000)
  region size 1024K, 45 young (46080K), 2 survivors (2048K)
 Metaspace       used 49135K, committed 49792K, reserved 1114112K
  class space    used 6249K, committed 6528K, reserved 1048576K
}
Event: 61.158 GC heap after
{Heap after GC invocations=20 (full 0):
 garbage-first heap   total 91136K, used 35176K [0x00000000c1400000, 0x0000000100000000)
  region size 1024K, 4 young (4096K), 4 survivors (4096K)
 Metaspace       used 49135K, committed 49792K, reserved 1114112K
  class space    used 6249K, committed 6528K, reserved 1048576K
}
Event: 63.433 GC heap before
{Heap before GC invocations=20 (full 0):
 garbage-first heap   total 91136K, used 79208K [0x00000000c1400000, 0x0000000100000000)
  region size 1024K, 47 young (48128K), 4 survivors (4096K)
 Metaspace       used 59291K, committed 59968K, reserved 1114112K
  class space    used 7561K, committed 7872K, reserved 1048576K
}
Event: 63.445 GC heap after
{Heap after GC invocations=21 (full 0):
 garbage-first heap   total 91136K, used 38319K [0x00000000c1400000, 0x0000000100000000)
  region size 1024K, 5 young (5120K), 5 survivors (5120K)
 Metaspace       used 59291K, committed 59968K, reserved 1114112K
  class space    used 7561K, committed 7872K, reserved 1048576K
}
Event: 66.336 GC heap before
{Heap before GC invocations=21 (full 0):
 garbage-first heap   total 91136K, used 79279K [0x00000000c1400000, 0x0000000100000000)
  region size 1024K, 46 young (47104K), 5 survivors (5120K)
 Metaspace       used 69228K, committed 69952K, reserved 1114112K
  class space    used 9131K, committed 9472K, reserved 1048576K
}
Event: 66.349 GC heap after
{Heap after GC invocations=22 (full 0):
 garbage-first heap   total 91136K, used 40356K [0x00000000c1400000, 0x0000000100000000)
  region size 1024K, 5 young (5120K), 5 survivors (5120K)
 Metaspace       used 69228K, committed 69952K, reserved 1114112K
  class space    used 9131K, committed 9472K, reserved 1048576K
}
Event: 68.007 GC heap before
{Heap before GC invocations=23 (full 0):
 garbage-first heap   total 91136K, used 80292K [0x00000000c1400000, 0x0000000100000000)
  region size 1024K, 44 young (45056K), 5 survivors (5120K)
 Metaspace       used 71758K, committed 72512K, reserved 1114112K
  class space    used 9491K, committed 9856K, reserved 1048576K
}
Event: 68.021 GC heap after
{Heap after GC invocations=24 (full 0):
 garbage-first heap   total 91136K, used 42446K [0x00000000c1400000, 0x0000000100000000)
  region size 1024K, 4 young (4096K), 4 survivors (4096K)
 Metaspace       used 71758K, committed 72512K, reserved 1114112K
  class space    used 9491K, committed 9856K, reserved 1048576K
}
Event: 69.106 GC heap before
{Heap before GC invocations=24 (full 0):
 garbage-first heap   total 91136K, used 81358K [0x00000000c1400000, 0x0000000100000000)
  region size 1024K, 42 young (43008K), 4 survivors (4096K)
 Metaspace       used 73258K, committed 74048K, reserved 1114112K
  class space    used 9675K, committed 10048K, reserved 1048576K
}
Event: 69.123 GC heap after
{Heap after GC invocations=25 (full 0):
 garbage-first heap   total 91136K, used 43952K [0x00000000c1400000, 0x0000000100000000)
  region size 1024K, 5 young (5120K), 5 survivors (5120K)
 Metaspace       used 73258K, committed 74048K, reserved 1114112K
  class space    used 9675K, committed 10048K, reserved 1048576K
}

Dll operation events (13 events):
Event: 0.029 Loaded shared library C:\Program Files\Java\jdk-21\bin\java.dll
Event: 0.032 Loaded shared library C:\Program Files\Java\jdk-21\bin\zip.dll
Event: 0.104 Loaded shared library C:\Program Files\Java\jdk-21\bin\jsvml.dll
Event: 26.728 Loaded shared library C:\Program Files\Java\jdk-21\bin\instrument.dll
Event: 27.131 Loaded shared library C:\Program Files\Java\jdk-21\bin\net.dll
Event: 27.214 Loaded shared library C:\Program Files\Java\jdk-21\bin\nio.dll
Event: 27.386 Loaded shared library C:\Program Files\Java\jdk-21\bin\zip.dll
Event: 29.517 Loaded shared library C:\Program Files\Java\jdk-21\bin\jimage.dll
Event: 30.801 Loaded shared library C:\Program Files\Java\jdk-21\bin\management.dll
Event: 30.816 Loaded shared library C:\Program Files\Java\jdk-21\bin\management_ext.dll
Event: 34.933 Loaded shared library C:\Program Files\Java\jdk-21\bin\extnet.dll
Event: 57.121 Loaded shared library C:\Program Files\Java\jdk-21\bin\sunmscapi.dll
Event: 61.243 Loaded shared library C:\Program Files\Java\jdk-21\bin\verify.dll

Deoptimization events (20 events):
Event: 70.018 Thread 0x000001a86f022000 DEOPT PACKING pc=0x000001a85c787231 sp=0x0000004d41ef9870
Event: 70.018 Thread 0x000001a86f022000 DEOPT UNPACKING pc=0x000001a863614e42 sp=0x0000004d41ef8d48 mode 1
Event: 70.018 Thread 0x000001a86f022000 DEOPT PACKING pc=0x000001a85c796684 sp=0x0000004d41ef9900
Event: 70.018 Thread 0x000001a86f022000 DEOPT UNPACKING pc=0x000001a863614e42 sp=0x0000004d41ef8eb0 mode 1
Event: 70.018 Thread 0x000001a86f022000 DEOPT PACKING pc=0x000001a85c7852c4 sp=0x0000004d41ef9a70
Event: 70.018 Thread 0x000001a86f022000 DEOPT UNPACKING pc=0x000001a863614e42 sp=0x0000004d41ef9010 mode 1
Event: 70.019 Thread 0x000001a86f022000 DEOPT PACKING pc=0x000001a85c787231 sp=0x0000004d41ef98e0
Event: 70.019 Thread 0x000001a86f022000 DEOPT UNPACKING pc=0x000001a863614e42 sp=0x0000004d41ef8db8 mode 1
Event: 70.019 Thread 0x000001a86f022000 DEOPT PACKING pc=0x000001a85c796684 sp=0x0000004d41ef9970
Event: 70.019 Thread 0x000001a86f022000 DEOPT UNPACKING pc=0x000001a863614e42 sp=0x0000004d41ef8f20 mode 1
Event: 70.019 Thread 0x000001a86f022000 DEOPT PACKING pc=0x000001a85c7852c4 sp=0x0000004d41ef9ae0
Event: 70.019 Thread 0x000001a86f022000 DEOPT UNPACKING pc=0x000001a863614e42 sp=0x0000004d41ef9080 mode 1
Event: 70.020 Thread 0x000001a86f022000 DEOPT PACKING pc=0x000001a85c787231 sp=0x0000004d41ef98e0
Event: 70.020 Thread 0x000001a86f022000 DEOPT UNPACKING pc=0x000001a863614e42 sp=0x0000004d41ef8db8 mode 1
Event: 70.020 Thread 0x000001a86f022000 DEOPT PACKING pc=0x000001a85c796684 sp=0x0000004d41ef9970
Event: 70.020 Thread 0x000001a86f022000 DEOPT UNPACKING pc=0x000001a863614e42 sp=0x0000004d41ef8f20 mode 1
Event: 70.020 Thread 0x000001a86f022000 DEOPT PACKING pc=0x000001a85c7852c4 sp=0x0000004d41ef9ae0
Event: 70.020 Thread 0x000001a86f022000 DEOPT UNPACKING pc=0x000001a863614e42 sp=0x0000004d41ef9080 mode 1
Event: 70.023 Thread 0x000001a86f022000 DEOPT PACKING pc=0x000001a85c123cbe sp=0x0000004d41efa7c0
Event: 70.023 Thread 0x000001a86f022000 DEOPT UNPACKING pc=0x000001a863614e42 sp=0x0000004d41ef9d38 mode 0

Classes loaded (20 events):
Event: 69.935 Loading class com/fasterxml/jackson/databind/deser/DeserializationProblemHandler
Event: 69.935 Loading class com/fasterxml/jackson/databind/deser/DeserializationProblemHandler done
Event: 69.937 Loading class com/fasterxml/jackson/databind/ObjectMapper$DefaultTyping
Event: 69.937 Loading class com/fasterxml/jackson/databind/ObjectMapper$DefaultTyping done
Event: 69.937 Loading class com/fasterxml/jackson/annotation/JsonTypeInfo$As
Event: 69.937 Loading class com/fasterxml/jackson/annotation/JsonTypeInfo$As done
Event: 69.939 Loading class com/fasterxml/jackson/databind/jsonFormatVisitors/JsonFormatVisitorWrapper
Event: 69.939 Loading class com/fasterxml/jackson/databind/jsonFormatVisitors/JsonFormatVisitorWrapper done
Event: 69.940 Loading class com/fasterxml/jackson/databind/jsonFormatVisitors/JsonFormatVisitorWithSerializerProvider
Event: 69.940 Loading class com/fasterxml/jackson/databind/jsonFormatVisitors/JsonFormatVisitorWithSerializerProvider done
Event: 69.941 Loading class com/fasterxml/jackson/annotation/JsonAutoDetect$Value
Event: 69.941 Loading class com/fasterxml/jackson/annotation/JsonAutoDetect$Value done
Event: 69.942 Loading class com/fasterxml/jackson/databind/cfg/MutableConfigOverride
Event: 69.942 Loading class com/fasterxml/jackson/databind/cfg/MutableConfigOverride done
Event: 69.943 Loading class com/fasterxml/jackson/databind/jsonschema/JsonSchema
Event: 69.943 Loading class com/fasterxml/jackson/databind/jsonschema/JsonSchema done
Event: 69.944 Loading class com/fasterxml/jackson/core/exc/StreamWriteException
Event: 69.944 Loading class com/fasterxml/jackson/core/exc/StreamWriteException done
Event: 69.945 Loading class com/fasterxml/jackson/databind/MappingIterator
Event: 69.945 Loading class com/fasterxml/jackson/databind/MappingIterator done

Classes unloaded (0 events):
No events

Classes redefined (0 events):
No events

Internal exceptions (20 events):
Event: 62.333 Thread 0x000001a86f022000 Implicit null exception at 0x000001a863d1edc1 to 0x000001a863d1ef38
Event: 63.800 Thread 0x000001a86f022000 Exception <a 'java/lang/IncompatibleClassChangeError'{0x00000000c6877b00}: Found class java.lang.Object, but interface was expected> (0x00000000c6877b00) 
thrown [s\open\src\hotspot\share\interpreter\linkResolver.cpp, line 840]
Event: 63.860 Thread 0x000001a86f022000 Exception <a 'java/lang/NoSuchMethodError'{0x00000000c6760d30}: 'java.lang.Object java.lang.invoke.DirectMethodHandle$Holder.invokeStaticInit(java.lang.Object, java.lang.Object, int, java.lang.Object)'> (0x00000000c6760d30) 
thrown [s\open\src\hotspot\share\interpreter\linkResolver.cpp, line 773]
Event: 65.696 Thread 0x000001a86f022000 Exception <a 'java/lang/NoSuchMethodError'{0x00000000c4b97518}: 'java.lang.Object java.lang.invoke.DirectMethodHandle$Holder.newInvokeSpecial(java.lang.Object, java.lang.Object, java.lang.Object, java.lang.Object, java.lang.Object, int, java.lang.Object)'> (0x00000000c4b97518) 
thrown [s\open\src\hotspot\share\interpreter\linkResolver.cpp, line 773]
Event: 65.888 Thread 0x000001a86f022000 Exception <a 'java/lang/NoSuchMethodError'{0x00000000c49e4a48}: 'java.lang.Object java.lang.invoke.DirectMethodHandle$Holder.newInvokeSpecial(java.lang.Object, java.lang.Object, java.lang.Object, java.lang.Object, java.lang.Object, java.lang.Object, java.lang.Object, int)'> (0x00000000c49e4a48) 
thrown [s\open\src\hotspot\share\interpreter\linkResolver.cpp, line 773]
Event: 65.889 Thread 0x000001a86f022000 Exception <a 'java/lang/NoSuchMethodError'{0x00000000c49e8fb8}: 'java.lang.Object java.lang.invoke.DirectMethodHandle$Holder.invokeSpecial(java.lang.Object, java.lang.Object, java.lang.Object, java.lang.Object, java.lang.Object, java.lang.Object, java.lang.Object, java.lang.Object, int)'> (0x00000000c49e8fb8) 
thrown [s\open\src\hotspot\share\interpreter\linkResolver.cpp, line 773]
Event: 65.890 Thread 0x000001a86f022000 Exception <a 'java/lang/NoSuchMethodError'{0x00000000c49ecfe0}: 'java.lang.Object java.lang.invoke.Invokers$Holder.linkToTargetMethod(java.lang.Object, java.lang.Object, java.lang.Object, java.lang.Object, java.lang.Object, java.lang.Object, int, java.lang.Object)'> (0x00000000c49ecfe0) 
thrown [s\open\src\hotspot\share\interpreter\linkResolver.cpp, line 773]
Event: 65.973 Thread 0x000001a86f022000 Exception <a 'java/lang/NoSuchMethodError'{0x00000000c48f6948}: 'java.lang.Object java.lang.invoke.DirectMethodHandle$Holder.newInvokeSpecial(java.lang.Object, java.lang.Object, int, java.lang.Object, int, java.lang.Object, java.lang.Object)'> (0x00000000c48f6948) 
thrown [s\open\src\hotspot\share\interpreter\linkResolver.cpp, line 773]
Event: 65.996 Thread 0x000001a86f022000 Exception <a 'java/lang/NoSuchMethodError'{0x00000000c473af50}: 'void java.lang.invoke.DirectMethodHandle$Holder.invokeInterface(java.lang.Object, java.lang.Object)'> (0x00000000c473af50) 
thrown [s\open\src\hotspot\share\interpreter\linkResolver.cpp, line 773]
Event: 66.429 Thread 0x000001a86f022000 Exception <a 'java/lang/NoSuchMethodError'{0x00000000c6c5c8e8}: 'java.lang.Object java.lang.invoke.DirectMethodHandle$Holder.invokeSpecial(java.lang.Object, java.lang.Object, int, java.lang.Object, int)'> (0x00000000c6c5c8e8) 
thrown [s\open\src\hotspot\share\interpreter\linkResolver.cpp, line 773]
Event: 66.699 Thread 0x000001a86f022000 Implicit null exception at 0x000001a863eb5cef to 0x000001a863eb5f98
Event: 66.889 Thread 0x000001a86f022000 Exception <a 'java/lang/IncompatibleClassChangeError'{0x00000000c5f2bba8}: Found class java.lang.Object, but interface was expected> (0x00000000c5f2bba8) 
thrown [s\open\src\hotspot\share\interpreter\linkResolver.cpp, line 840]
Event: 67.000 Thread 0x000001a86f022000 Implicit null exception at 0x000001a863f119ef to 0x000001a863f1627c
Event: 67.016 Thread 0x000001a86f022000 Exception <a 'java/lang/IncompatibleClassChangeError'{0x00000000c5a630e0}: Found class java.lang.Object, but interface was expected> (0x00000000c5a630e0) 
thrown [s\open\src\hotspot\share\interpreter\linkResolver.cpp, line 840]
Event: 67.141 Thread 0x000001a86f022000 Exception <a 'java/lang/IncompatibleClassChangeError'{0x00000000c56851e8}: Found class java.lang.Object, but interface was expected> (0x00000000c56851e8) 
thrown [s\open\src\hotspot\share\interpreter\linkResolver.cpp, line 840]
Event: 67.782 Thread 0x000001a86f022000 Exception <a 'java/lang/IncompatibleClassChangeError'{0x00000000c4ee0058}: Found class java.lang.Object, but interface was expected> (0x00000000c4ee0058) 
thrown [s\open\src\hotspot\share\interpreter\linkResolver.cpp, line 840]
Event: 68.132 Thread 0x000001a86f022000 Exception <a 'java/lang/NoSuchMethodError'{0x00000000c6b88570}: 'java.lang.Object java.lang.invoke.Invokers$Holder.invoke_MT(java.lang.Object, java.lang.Object, java.lang.Object, java.lang.Object, java.lang.Object, java.lang.Object, java.lang.Object, java.lang.Object, java.lang.Object)'> (0x00000000c6b88570) 
thrown [s\open\src\hotspot\share\interpreter\linkResolver.cpp, line 773]
Event: 68.144 Thread 0x000001a86f022000 Exception <a 'java/lang/IncompatibleClassChangeError'{0x00000000c6bb64a8}: Found class java.lang.Object, but interface was expected> (0x00000000c6bb64a8) 
thrown [s\open\src\hotspot\share\interpreter\linkResolver.cpp, line 840]
Event: 69.091 Thread 0x000001a86f022000 Exception <a 'java/lang/NoSuchMethodError'{0x00000000c47b1270}: 'java.lang.Object java.lang.invoke.DirectMethodHandle$Holder.invokeInterface(java.lang.Object, java.lang.Object, java.lang.Object, java.lang.Object)'> (0x00000000c47b1270) 
thrown [s\open\src\hotspot\share\interpreter\linkResolver.cpp, line 773]
Event: 69.299 Thread 0x000001a86f022000 Exception <a 'java/lang/NoSuchMethodError'{0x00000000c66bcf20}: 'java.lang.Object java.lang.invoke.DirectMethodHandle$Holder.newInvokeSpecial(java.lang.Object, java.lang.Object, java.lang.Object, java.lang.Object, java.lang.Object, java.lang.Object, java.lang.Object, java.lang.Object)'> (0x00000000c66bcf20) 
thrown [s\open\src\hotspot\share\interpreter\linkResolver.cpp, line 773]

ZGC Phase Switch (0 events):
No events

VM Operations (20 events):
Event: 66.336 Executing VM operation: G1CollectForAllocation (G1 Evacuation Pause)
Event: 66.349 Executing VM operation: G1CollectForAllocation (G1 Evacuation Pause) done
Event: 66.489 Executing VM operation: G1PauseRemark
Event: 66.501 Executing VM operation: G1PauseRemark done
Event: 66.552 Executing VM operation: G1PauseCleanup
Event: 66.552 Executing VM operation: G1PauseCleanup done
Event: 67.565 Executing VM operation: Cleanup
Event: 67.566 Executing VM operation: Cleanup done
Event: 67.593 Executing VM operation: HandshakeAllThreads (Deoptimize)
Event: 67.593 Executing VM operation: HandshakeAllThreads (Deoptimize) done
Event: 67.944 Executing VM operation: HandshakeAllThreads (Deoptimize)
Event: 67.944 Executing VM operation: HandshakeAllThreads (Deoptimize) done
Event: 67.945 Executing VM operation: HandshakeAllThreads (Deoptimize)
Event: 67.945 Executing VM operation: HandshakeAllThreads (Deoptimize) done
Event: 68.007 Executing VM operation: G1CollectForAllocation (G1 Evacuation Pause)
Event: 68.021 Executing VM operation: G1CollectForAllocation (G1 Evacuation Pause) done
Event: 69.009 Executing VM operation: ICBufferFull
Event: 69.010 Executing VM operation: ICBufferFull done
Event: 69.106 Executing VM operation: G1CollectForAllocation (G1 Evacuation Pause)
Event: 69.124 Executing VM operation: G1CollectForAllocation (G1 Evacuation Pause) done

Events (20 events):
Event: 66.499 Thread 0x000001a8524de900 flushing nmethod 0x000001a85c35bb90
Event: 66.499 Thread 0x000001a8524de900 flushing nmethod 0x000001a85c408e90
Event: 66.499 Thread 0x000001a8524de900 flushing nmethod 0x000001a85c5f8b10
Event: 66.499 Thread 0x000001a8524de900 flushing nmethod 0x000001a85c647710
Event: 66.499 Thread 0x000001a8524de900 flushing nmethod 0x000001a85c647d90
Event: 66.499 Thread 0x000001a8524de900 flushing nmethod 0x000001a85c66f010
Event: 66.499 Thread 0x000001a8524de900 flushing nmethod 0x000001a85c670590
Event: 66.499 Thread 0x000001a8524de900 flushing nmethod 0x000001a85c679d10
Event: 66.499 Thread 0x000001a8524de900 flushing nmethod 0x000001a85c67ed90
Event: 66.499 Thread 0x000001a8524de900 flushing nmethod 0x000001a85c680e90
Event: 66.499 Thread 0x000001a8524de900 flushing nmethod 0x000001a85c681290
Event: 66.499 Thread 0x000001a8524de900 flushing nmethod 0x000001a85c8c3b10
Event: 66.499 Thread 0x000001a8524de900 flushing nmethod 0x000001a85c95c090
Event: 66.499 Thread 0x000001a8524de900 flushing nmethod 0x000001a85c95cd90
Event: 66.499 Thread 0x000001a8524de900 flushing nmethod 0x000001a85c99ab10
Event: 66.499 Thread 0x000001a8524de900 flushing nmethod 0x000001a85ca08010
Event: 66.499 Thread 0x000001a8524de900 flushing nmethod 0x000001a85ca0e310
Event: 66.499 Thread 0x000001a8524de900 flushing nmethod 0x000001a85cb78a90
Event: 66.499 Thread 0x000001a8524de900 flushing nmethod 0x000001a85cbfbe90
Event: 67.786 Thread 0x000001a875fc29a0 Thread exited: 0x000001a875fc29a0


Dynamic libraries:
0x00007ff7ca0d0000 - 0x00007ff7ca0e0000 	C:\Program Files\Java\jdk-21\bin\java.exe
0x00007ff95e650000 - 0x00007ff95e848000 	C:\Windows\SYSTEM32\ntdll.dll
0x00007ff95e270000 - 0x00007ff95e332000 	C:\Windows\System32\KERNEL32.DLL
0x00007ff95be90000 - 0x00007ff95c186000 	C:\Windows\System32\KERNELBASE.dll
0x00007ff95c570000 - 0x00007ff95c670000 	C:\Windows\System32\ucrtbase.dll
0x00007ff94fd00000 - 0x00007ff94fd1b000 	C:\Program Files\Java\jdk-21\bin\VCRUNTIME140.dll
0x00007ff9551b0000 - 0x00007ff9551c9000 	C:\Program Files\Java\jdk-21\bin\jli.dll
0x00007ff95c6a0000 - 0x00007ff95c74f000 	C:\Windows\System32\ADVAPI32.dll
0x00007ff95ded0000 - 0x00007ff95df6e000 	C:\Windows\System32\msvcrt.dll
0x00007ff95d060000 - 0x00007ff95d0ff000 	C:\Windows\System32\sechost.dll
0x00007ff95e000000 - 0x00007ff95e123000 	C:\Windows\System32\RPCRT4.dll
0x00007ff95c2f0000 - 0x00007ff95c317000 	C:\Windows\System32\bcrypt.dll
0x00007ff95c750000 - 0x00007ff95c8ed000 	C:\Windows\System32\USER32.dll
0x00007ff95bdc0000 - 0x00007ff95bde2000 	C:\Windows\System32\win32u.dll
0x00007ff95df70000 - 0x00007ff95df9b000 	C:\Windows\System32\GDI32.dll
0x00007ff94a3c0000 - 0x00007ff94a65a000 	C:\Windows\WinSxS\amd64_microsoft.windows.common-controls_6595b64144ccf1df_6.0.19041.4355_none_60b8b9eb71f62e16\COMCTL32.dll
0x00007ff95c450000 - 0x00007ff95c56a000 	C:\Windows\System32\gdi32full.dll
0x00007ff95bdf0000 - 0x00007ff95be8d000 	C:\Windows\System32\msvcp_win.dll
0x00007ff94afc0000 - 0x00007ff94afca000 	C:\Windows\SYSTEM32\VERSION.dll
0x00007ff95c670000 - 0x00007ff95c69f000 	C:\Windows\System32\IMM32.DLL
0x00007ff9565f0000 - 0x00007ff9565fc000 	C:\Program Files\Java\jdk-21\bin\vcruntime140_1.dll
0x00007ff942010000 - 0x00007ff94209e000 	C:\Program Files\Java\jdk-21\bin\msvcp140.dll
0x00007ff901fc0000 - 0x00007ff902cd8000 	C:\Program Files\Java\jdk-21\bin\server\jvm.dll
0x00007ff95e410000 - 0x00007ff95e47b000 	C:\Windows\System32\WS2_32.dll
0x00007ff95b1e0000 - 0x00007ff95b22b000 	C:\Windows\SYSTEM32\POWRPROF.dll
0x00007ff94b190000 - 0x00007ff94b1b7000 	C:\Windows\SYSTEM32\WINMM.dll
0x00007ff95b0a0000 - 0x00007ff95b0b2000 	C:\Windows\SYSTEM32\UMPDC.dll
0x00007ff959b20000 - 0x00007ff959b32000 	C:\Windows\SYSTEM32\kernel.appcore.dll
0x00007ff956510000 - 0x00007ff95651a000 	C:\Program Files\Java\jdk-21\bin\jimage.dll
0x00007ff949090000 - 0x00007ff949274000 	C:\Windows\SYSTEM32\DBGHELP.DLL
0x00007ff949a70000 - 0x00007ff949aa4000 	C:\Windows\SYSTEM32\dbgcore.DLL
0x00007ff95bd30000 - 0x00007ff95bdb2000 	C:\Windows\System32\bcryptPrimitives.dll
0x00007ff934a40000 - 0x00007ff934a7c000 	C:\Program Files\Java\jdk-21\bin\jdwp.dll
0x00007ff956470000 - 0x00007ff95647f000 	C:\Program Files\Java\jdk-21\bin\instrument.dll
0x00007ff94fca0000 - 0x00007ff94fcbf000 	C:\Program Files\Java\jdk-21\bin\java.dll
0x00007ff9493e0000 - 0x00007ff9493f8000 	C:\Program Files\Java\jdk-21\bin\zip.dll
0x00007ff95c8f0000 - 0x00007ff95d05f000 	C:\Windows\System32\SHELL32.dll
0x00007ff959d20000 - 0x00007ff95a4c3000 	C:\Windows\SYSTEM32\windows.storage.dll
0x00007ff95d2a0000 - 0x00007ff95d5f5000 	C:\Windows\System32\combase.dll
0x00007ff95b630000 - 0x00007ff95b65b000 	C:\Windows\SYSTEM32\Wldp.dll
0x00007ff95e340000 - 0x00007ff95e40d000 	C:\Windows\System32\OLEAUT32.dll
0x00007ff95e130000 - 0x00007ff95e1dd000 	C:\Windows\System32\SHCORE.dll
0x00007ff95dfa0000 - 0x00007ff95dff5000 	C:\Windows\System32\shlwapi.dll
0x00007ff95bc10000 - 0x00007ff95bc35000 	C:\Windows\SYSTEM32\profapi.dll
0x00007ff92bae0000 - 0x00007ff92bbb7000 	C:\Program Files\Java\jdk-21\bin\jsvml.dll
0x00007ff954740000 - 0x00007ff95474c000 	C:\Program Files\Java\jdk-21\bin\dt_socket.dll
0x00007ff95b0c0000 - 0x00007ff95b0fb000 	C:\Windows\SYSTEM32\IPHLPAPI.DLL
0x00007ff95b410000 - 0x00007ff95b47c000 	C:\Windows\system32\mswsock.dll
0x00007ff956490000 - 0x00007ff9564a0000 	C:\Program Files\Java\jdk-21\bin\net.dll
0x00007ff9537c0000 - 0x00007ff9538ca000 	C:\Windows\SYSTEM32\WINHTTP.dll
0x00007ff949400000 - 0x00007ff949416000 	C:\Program Files\Java\jdk-21\bin\nio.dll
0x00007ff9562a0000 - 0x00007ff9562aa000 	C:\Program Files\Java\jdk-21\bin\management.dll
0x00007ff9557e0000 - 0x00007ff9557eb000 	C:\Program Files\Java\jdk-21\bin\management_ext.dll
0x00007ff95d290000 - 0x00007ff95d298000 	C:\Windows\System32\PSAPI.DLL
0x00007ff95e600000 - 0x00007ff95e608000 	C:\Windows\System32\NSI.dll
0x00007ff95b110000 - 0x00007ff95b1da000 	C:\Windows\SYSTEM32\DNSAPI.dll
0x00007ff954770000 - 0x00007ff95477a000 	C:\Windows\System32\rasadhlp.dll
0x00007ff9529f0000 - 0x00007ff952a70000 	C:\Windows\System32\fwpuclnt.dll
0x00007ff956440000 - 0x00007ff956449000 	C:\Program Files\Java\jdk-21\bin\extnet.dll
0x00007ff95b670000 - 0x00007ff95b688000 	C:\Windows\SYSTEM32\CRYPTSP.dll
0x00007ff95ace0000 - 0x00007ff95ad18000 	C:\Windows\system32\rsaenh.dll
0x00007ff95bbd0000 - 0x00007ff95bbfe000 	C:\Windows\SYSTEM32\USERENV.dll
0x00007ff95b5a0000 - 0x00007ff95b5ac000 	C:\Windows\SYSTEM32\CRYPTBASE.dll
0x00007ff9551a0000 - 0x00007ff9551ae000 	C:\Program Files\Java\jdk-21\bin\sunmscapi.dll
0x00007ff95c190000 - 0x00007ff95c2ed000 	C:\Windows\System32\CRYPT32.dll
0x00007ff95b780000 - 0x00007ff95b7a7000 	C:\Windows\SYSTEM32\ncrypt.dll
0x00007ff95b740000 - 0x00007ff95b77b000 	C:\Windows\SYSTEM32\NTASN1.dll
0x00007ff943cd0000 - 0x00007ff943ce0000 	C:\Program Files\Java\jdk-21\bin\verify.dll

dbghelp: loaded successfully - version: 4.0.5 - missing functions: none
symbol engine: initialized successfully - sym options: 0x614 - pdb path: .;C:\Program Files\Java\jdk-21\bin;C:\Windows\SYSTEM32;C:\Windows\WinSxS\amd64_microsoft.windows.common-controls_6595b64144ccf1df_6.0.19041.4355_none_60b8b9eb71f62e16;C:\Program Files\Java\jdk-21\bin\server

VM Arguments:
jvm_args: -agentlib:jdwp=transport=dt_socket,address=127.0.0.1:56512,suspend=y,server=n -javaagent:C:\Users\HP\AppData\Local\JetBrains\IdeaIC2024.2\captureAgent\debugger-agent.jar=file:/C:/Users/HP/AppData/Local/Temp/capture.props -Dkotlinx.coroutines.debug.enable.creation.stack.trace=false -Ddebugger.agent.enable.coroutines=true -Dfile.encoding=UTF-8 -Dsun.stdout.encoding=UTF-8 -Dsun.stderr.encoding=UTF-8 
java_command: com.fb.posts.PostsApplication
java_class_path (initial): E:\Spring tool suite\Connecto_Backend\posts\target\classes;C:\Users\HP\.m2\repository\io\github\resilience4j\resilience4j-spring-boot2\2.0.2\resilience4j-spring-boot2-2.0.2.jar;C:\Users\HP\.m2\repository\io\github\resilience4j\resilience4j-spring\2.0.2\resilience4j-spring-2.0.2.jar;C:\Users\HP\.m2\repository\io\github\resilience4j\resilience4j-annotations\2.0.2\resilience4j-annotations-2.0.2.jar;C:\Users\HP\.m2\repository\io\github\resilience4j\resilience4j-consumer\2.0.2\resilience4j-consumer-2.0.2.jar;C:\Users\HP\.m2\repository\io\github\resilience4j\resilience4j-core\2.0.2\resilience4j-core-2.0.2.jar;C:\Users\HP\.m2\repository\io\github\resilience4j\resilience4j-circularbuffer\2.0.2\resilience4j-circularbuffer-2.0.2.jar;C:\Users\HP\.m2\repository\io\github\resilience4j\resilience4j-framework-common\2.0.2\resilience4j-framework-common-2.0.2.jar;C:\Users\HP\.m2\repository\org\slf4j\slf4j-api\2.0.9\slf4j-api-2.0.9.jar;C:\Users\HP\.m2\repository\io\github\resilience4j\resilience4j-micrometer\2.0.2\resilience4j-micrometer-2.0.2.jar;C:\Users\HP\.m2\repository\io\github\resilience4j\resilience4j-bulkhead\2.0.2\resilience4j-bulkhead-2.0.2.jar;C:\Users\HP\.m2\repository\io\github\resilience4j\resilience4j-circuitbreaker\2.0.2\resilience4j-circuitbreaker-2.0.2.jar;C:\Users\HP\.m2\repository\io\github\resilience4j\resilience4j-retry\2.0.2\resilience4j-retry-2.0.2.jar;C:\Users\HP\.m2\repository\io\github\resilience4j\resilience4j-ratelimiter\2.0.2\resilience4j-ratelimiter-2.0.2.jar;C:\Users\HP\.m2\repository\io\github\resilience4j\resilience4j-timelimiter\2.0.2\resilience4j-timelimiter-2.0.2.jar;C:\Users\HP\.m2\repository\org\springframework\boot\spring-boot-starter-aop\3.1.4\spring-boot-starter-aop-3.1.4.jar;C:\Users\HP\.m2\repository\org\springframework\boot\spring-boot-starter\3.1.4\spring-boot-starter-3.1.4.jar;C:\Users\HP\.m2\repository\org\springframework\boot\spring-boot-starter-logging\3.1.4\spring-boot-starter-logging-3.1.4.jar;C:\Users\HP\.m2\repository\ch\qos\logback\logback-classic\1.4.11\logback-classic-1.4.11.jar;C:\Users\HP\.m2\repository\ch\qos\logback\logback-core\1.4.11\logback-core-1.4.11.jar;C:\Users\HP\.m2\repository\org\apache\logging\log4j\log4j-to-slf4j\2.20.0\log4j-to-slf4j-2.20.0.jar;C:\Users\HP\.m2\repository\org\apache\logging\log4j\log4j-api\2.20.0\log4j-api-2.20.0.jar;C:\Users\HP\.m2\repository\org\slf4j\jul-to-slf4j\2.0.9\jul-to-slf4j-2.0.9.jar;C:\Users\HP\.m2\repository\jakarta\annotation\jakarta.annotation-api\2.1.1\jakarta.annotation-api-2.1.1.jar;C:\Users\HP\.m2\repository\org\yaml\snakeyaml\1.33\snakeyaml-1.33.jar;C:\Users\HP\.m2\repository\org\springframework\spring-aop\6.0.12\spring-aop-6.0.12.jar;C:\Users\HP\.m2\repository\org\springframework\spring-beans\6.0.12\spring-beans-6.0.12.jar;C:\Users\HP\.m2\repository\org\aspectj\aspectjweaver\1.9.20\aspectjweaver-1.9.20.jar;C:\Users\HP\.m2\repository\org\springframework\cloud\spring-cloud-starter-config\4.0.3\spring-cloud-starter-config-4.0.3.jar;C:\Users\HP\.m2\repository\org\springframework\cloud\spring-cloud-starter\4.0.3\spring-cloud-starter-4.0.3.jar;C:\Users\HP\.m2\repository\org\springframework\cloud\spring-cloud-context\4.0.3\spring-cloud-context-4.0.3.jar;C:\Users\HP\.m2\repository\org\springframework\security\spring-security-crypto\6.1.4\spring-security-crypto-6.1.4.jar;C:\Users\HP\.m2\repository\org\springframework\cloud\spring-cloud-commons\4.0.3\spring-cloud-commons-4.0.3.jar;C:\Users\HP\.m2\repository\org\springframework\security\spring-security-rsa\1.0.11.RELEASE\spring-security-rsa-1.0.11.RELEASE.jar;C:\Users\HP\.m2\repository\org\bouncycastle\bcpkix-jdk15on\1.69\bcpkix-jdk15on-1.69.jar;C:\Users\HP\.m2\repository\org\bouncycastle\bcprov-jdk15on\1.69\bcprov-jdk15on-1.69.jar;C:\Users\HP\.m2\repository\org\bouncycastle\bcutil-jdk15on\1.69\bcutil-jdk15on-1.69.jar;C:\Users\HP\.m2\repository\org\springframework\cloud\spring-cloud-config-client\4.0.3\spring-cloud-config-client-4.0.3.jar;C:\Users\HP\.m2\repository\com\fasterxml\jackson\core\jackson-annotations\2.15.2\jackson-annotations-2.15.2.jar;C:\Users\HP\.m2\repository\org\apache\httpcomponents\client5\httpclient5\5.2.1\httpclient5-5.2.1.jar;C:\Users\HP\.m2\repository\org\apache\httpcomponents\core5\httpcore5\5.2.2\httpcore5-5.2.2.jar;C:\Users\HP\.m2\repository\org\apache\httpcomponents\core5\httpcore5-h2\5.2.2\httpcore5-h2-5.2.2.jar;C:\Users\HP\.m2\repository\com\fasterxml\jackson\core\jackson-databind\2.15.2\jackson-databind-2.15.2.jar;C:\Users\HP\.m2\repository\com\fasterxml\jackson\core\jackson-core\2.15.2\jackson-core-2.15.2.jar;C:\Users\HP\.m2\repository\org\springframework\cloud\spring-cloud-starter-netflix-eureka-client\4.0.2\spring-cloud-starter-netflix-eureka-client-4.0.2.jar;C:\Users\HP\.m2\repository\org\springframework\cloud\spring-cloud-netflix-eureka-client\4.0.2\spring-cloud-netflix-eureka-client-4.0.2.jar;C:\Users\HP\.m2\repository\com\netflix\eureka\eureka-client\2.0.0\eureka-client-2.0.0.jar;C:\Users\HP\.m2\repository\com\netflix\netflix-commons\netflix-eventbus\0.3.0\netflix-eventbus-0.3.0.jar;C:\Users\HP\.m2\repository\com\netflix\netflix-commons\netflix-infix\0.3.0\netflix-infix-0.3.0.jar;C:\Users\HP\.m2\repository\commons-jxpath\commons-jxpath\1.3\commons-jxpath-1.3.jar;C:\Users\HP\.m2\repository\joda-time\joda-time\2.3\joda-time-2.3.jar;C:\Users\HP\.m2\repository\org\antlr\antlr-runtime\3.4\antlr-runtime-3.4.jar;C:\Users\HP\.m2\repository\org\antlr\stringtemplate\3.2.1\stringtemplate-3.2.1.jar;C:\Users\HP\.m2\repository\antlr\antlr\2.7.7\antlr-2.7.7.jar;C:\Users\HP\.m2\repository\com\google\code\gson\gson\2.10.1\gson-2.10.1.jar;C:\Users\HP\.m2\repository\org\apache\commons\commons-math\2.2\commons-math-2.2.jar;C:\Users\HP\.m2\repository\com\thoughtworks\xstream\xstream\1.4.19\xstream-1.4.19.jar;C:\Users\HP\.m2\repository\io\github\x-stream\mxparser\1.2.2\mxparser-1.2.2.jar;C:\Users\HP\.m2\repository\xmlpull\xmlpull\1.1.3.1\xmlpull-1.1.3.1.jar;C:\Users\HP\.m2\repository\jakarta\ws\rs\jakarta.ws.rs-api\3.1.0\jakarta.ws.rs-api-3.1.0.jar;C:\Users\HP\.m2\repository\jakarta\inject\jakarta.inject-api\2.0.1\jakarta.inject-api-2.0.1.jar;C:\Users\HP\.m2\repository\com\netflix\servo\servo-core\0.12.21\servo-core-0.12.21.jar;C:\Users\HP\.m2\repository\com\google\guava\guava\19.0\guava-19.0.jar;C:\Users\HP\.m2\repository\org\apache\httpcomponents\httpclient\4.5.3\httpclient-4.5.3.jar;C:\Users\HP\.m2\repository\org\apache\httpcomponents\httpcore\4.4.16\httpcore-4.4.16.jar;C:\Users\HP\.m2\repository\commons-codec\commons-codec\1.15\commons-codec-1.15.jar;C:\Users\HP\.m2\repository\commons-configuration\commons-configuration\1.10\commons-configuration-1.10.jar;C:\Users\HP\.m2\repository\commons-lang\commons-lang\2.6\commons-lang-2.6.jar;C:\Users\HP\.m2\repository\org\codehaus\jettison\jettison\1.4.0\jettison-1.4.0.jar;C:\Users\HP\.m2\repository\com\netflix\eureka\eureka-core\2.0.0\eureka-core-2.0.0.jar;C:\Users\HP\.m2\repository\jakarta\servlet\jakarta.servlet-api\6.0.0\jakarta.servlet-api-6.0.0.jar;C:\Users\HP\.m2\repository\com\fasterxml\woodstox\woodstox-core\6.2.1\woodstox-core-6.2.1.jar;C:\Users\HP\.m2\repository\org\codehaus\woodstox\stax2-api\4.2.1\stax2-api-4.2.1.jar;C:\Users\HP\.m2\repository\org\springframework\cloud\spring-cloud-starter-bootstrap\4.0.3\spring-cloud-starter-bootstrap-4.0.3.jar;C:\Users\HP\.m2\repository\org\springframework\boot\spring-boot-starter-actuator\3.1.4\spring-boot-starter-actuator-3.1.4.jar;C:\Users\HP\.m2\repository\org\springframework\boot\spring-boot-actuator-autoconfigure\3.1.4\spring-boot-actuator-autoconfigure-3.1.4.jar;C:\Users\HP\.m2\repository\org\springframework\boot\spring-boot-actuator\3.1.4\spring-boot-actuator-3.1.4.jar;C:\Users\HP\.m2\repository\com\fasterxml\jackson\datatype\jackson-datatype-jsr310\2.15.2\jackson-datatype-jsr310-2.15.2.jar;C:\Users\HP\.m2\repository\io\micrometer\micrometer-observation\1.11.4\micrometer-observation-1.11.4.jar;C:\Users\HP\.m2\repository\io\micrometer\micrometer-commons\1.11.4\micrometer-commons-1.11.4.jar;C:\Users\HP\.m2\repository\io\micrometer\micrometer-core\1.11.4\micrometer-core-1.11.4.jar;C:\Users\HP\.m2\repository\org\hdrhistogram\HdrHistogram\2.1.12\HdrHistogram-2.1.12.jar;C:\Users\HP\.m2\repository\org\latencyutils\LatencyUtils\2.0.3\LatencyUtils-2.0.3.jar;C:\Users\HP\.m2\repository\org\springframework\cloud\spring-cloud-starter-loadbalancer\4.0.3\spring-cloud-starter-loadbalancer-4.0.3.jar;C:\Users\HP\.m2\repository\org\springframework\cloud\spring-cloud-loadbalancer\4.0.3\spring-cloud-loadbalancer-4.0.3.jar;C:\Users\HP\.m2\repository\io\projectreactor\reactor-core\3.5.10\reactor-core-3.5.10.jar;C:\Users\HP\.m2\repository\org\reactivestreams\reactive-streams\1.0.4\reactive-streams-1.0.4.jar;C:\Users\HP\.m2\repository\io\projectreactor\addons\reactor-extra\3.5.1\reactor-extra-3.5.1.jar;C:\Users\HP\.m2\repository\org\springframework\boot\spring-boot-starter-cache\3.1.4\spring-boot-starter-cache-3.1.4.jar;C:\Users\HP\.m2\repository\org\springframework\spring-context-support\6.0.12\spring-context-support-6.0.12.jar;C:\Users\HP\.m2\repository\com\stoyanr\evictor\1.0.0\evictor-1.0.0.jar;C:\Users\HP\.m2\repository\io\jsonwebtoken\jjwt-api\0.11.5\jjwt-api-0.11.5.jar;C:\Users\HP\.m2\repository\io\jsonwebtoken\jjwt-impl\0.11.5\jjwt-impl-0.11.5.jar;C:\Users\HP\.m2\repository\io\jsonwebtoken\jjwt-jackson\0.11.5\jjwt-jackson-0.11.5.jar;C:\Users\HP\.m2\repository\org\springframework\boot\spring-boot-starter-data-jpa\3.1.4\spring-boot-starter-data-jpa-3.1.4.jar;C:\Users\HP\.m2\repository\org\springframework\boot\spring-boot-starter-jdbc\3.1.4\spring-boot-starter-jdbc-3.1.4.jar;C:\Users\HP\.m2\repository\com\zaxxer\HikariCP\5.0.1\HikariCP-5.0.1.jar;C:\Users\HP\.m2\repository\org\springframework\spring-jdbc\6.0.12\spring-jdbc-6.0.12.jar;C:\Users\HP\.m2\repository\org\hibernate\orm\hibernate-core\6.2.9.Final\hibernate-core-6.2.9.Final.jar;C:\Users\HP\.m2\repository\jakarta\persistence\jakarta.persistence-api\3.1.0\jakarta.persistence-api-3.1.0.jar;C:\Users\HP\.m2\repository\jakarta\transaction\jakarta.transaction-api\2.0.1\jakarta.transaction-api-2.0.1.jar;C:\Users\HP\.m2\repository\org\jboss\logging\jboss-logging\3.5.3.Final\jboss-logging-3.5.3.Final.jar;C:\Users\HP\.m2\repository\org\hibernate\common\hibernate-commons-annotations\6.0.6.Final\hibernate-commons-annotations-6.0.6.Final.jar;C:\Users\HP\.m2\repository\io\smallrye\jandex\3.0.5\jandex-3.0.5.jar;C:\Users\HP\.m2\repository\com\fasterxml\classmate\1.5.1\classmate-1.5.1.jar;C:\Users\HP\.m2\repository\net\bytebuddy\byte-buddy\1.14.8\byte-buddy-1.14.8.jar;C:\Users\HP\.m2\repository\org\glassfish\jaxb\jaxb-runtime\4.0.3\jaxb-runtime-4.0.3.jar;C:\Users\HP\.m2\repository\org\glassfish\jaxb\jaxb-core\4.0.3\jaxb-core-4.0.3.jar;C:\Users\HP\.m2\repository\org\eclipse\angus\angus-activation\2.0.1\angus-activation-2.0.1.jar;C:\Users\HP\.m2\repository\org\glassfish\jaxb\txw2\4.0.3\txw2-4.0.3.jar;C:\Users\HP\.m2\repository\com\sun\istack\istack-commons-runtime\4.1.2\istack-commons-runtime-4.1.2.jar;C:\Users\HP\.m2\repository\org\antlr\antlr4-runtime\4.10.1\antlr4-runtime-4.10.1.jar;C:\Users\HP\.m2\repository\org\springframework\data\spring-data-jpa\3.1.4\spring-data-jpa-3.1.4.jar;C:\Users\HP\.m2\repository\org\springframework\data\spring-data-commons\3.1.4\spring-data-commons-3.1.4.jar;C:\Users\HP\.m2\repository\org\springframework\spring-orm\6.0.12\spring-orm-6.0.12.jar;C:\Users\HP\.m2\repository\org\springframework\spring-context\6.0.12\spring-context-6.0.12.jar;C:\Users\HP\.m2\repository\org\springframework\spring-tx\6.0.12\spring-tx-6.0.12.jar;C:\Users\HP\.m2\repository\org\springframework\spring-aspects\6.0.12\spring-aspects-6.0.12.jar;C:\Users\HP\.m2\repository\org\springframework\boot\spring-boot-starter-validation\3.1.4\spring-boot-starter-validation-3.1.4.jar;C:\Users\HP\.m2\repository\org\apache\tomcat\embed\tomcat-embed-el\10.1.13\tomcat-embed-el-10.1.13.jar;C:\Users\HP\.m2\repository\org\hibernate\validator\hibernate-validator\8.0.1.Final\hibernate-validator-8.0.1.Final.jar;C:\Users\HP\.m2\repository\jakarta\validation\jakarta.validation-api\3.0.2\jakarta.validation-api-3.0.2.jar;C:\Users\HP\.m2\repository\org\springframework\boot\spring-boot-starter-web\3.1.4\spring-boot-starter-web-3.1.4.jar;C:\Users\HP\.m2\repository\org\springframework\boot\spring-boot-starter-json\3.1.4\spring-boot-starter-json-3.1.4.jar;C:\Users\HP\.m2\repository\com\fasterxml\jackson\datatype\jackson-datatype-jdk8\2.15.2\jackson-datatype-jdk8-2.15.2.jar;C:\Users\HP\.m2\repository\com\fasterxml\jackson\module\jackson-module-parameter-names\2.15.2\jackson-module-parameter-names-2.15.2.jar;C:\Users\HP\.m2\repository\org\springframework\boot\spring-boot-starter-tomcat\3.1.4\spring-boot-starter-tomcat-3.1.4.jar;C:\Users\HP\.m2\repository\org\apache\tomcat\embed\tomcat-embed-core\10.1.13\tomcat-embed-core-10.1.13.jar;C:\Users\HP\.m2\repository\org\apache\tomcat\embed\tomcat-embed-websocket\10.1.13\tomcat-embed-websocket-10.1.13.jar;C:\Users\HP\.m2\repository\org\springframework\spring-web\6.0.12\spring-web-6.0.12.jar;C:\Users\HP\.m2\repository\org\springframework\spring-webmvc\6.0.12\spring-webmvc-6.0.12.jar;C:\Users\HP\.m2\repository\org\springframework\spring-expression\6.0.12\spring-expression-6.0.12.jar;C:\Users\HP\.m2\repository\org\springframework\boot\spring-boot-devtools\3.1.4\spring-boot-devtools-3.1.4.jar;C:\Users\HP\.m2\repository\org\springframework\boot\spring-boot\3.1.4\spring-boot-3.1.4.jar;C:\Users\HP\.m2\repository\org\springframework\boot\spring-boot-autoconfigure\3.1.4\spring-boot-autoconfigure-3.1.4.jar;C:\Users\HP\.m2\repository\com\mysql\mysql-connector-j\8.0.33\mysql-connector-j-8.0.33.jar;C:\Users\HP\.m2\repository\org\projectlombok\lombok\1.18.30\lombok-1.18.30.jar;C:\Users\HP\.m2\repository\jakarta\xml\bind\jakarta.xml.bind-api\4.0.1\jakarta.xml.bind-api-4.0.1.jar;C:\Users\HP\.m2\repository\jakarta\activation\jakarta.activation-api\2.1.2\jakarta.activation-api-2.1.2.jar;C:\Users\HP\.m2\repository\org\springframework\spring-core\6.0.12\spring-core-6.0.12.jar;C:\Users\HP\.m2\repository\org\springframework\spring-jcl\6.0.12\spring-jcl-6.0.12.jar;C:\Program Files\JetBrains\IntelliJ IDEA Community Edition 2024.2.4\lib\idea_rt.jar
Launcher Type: SUN_STANDARD

[Global flags]
     intx CICompilerCount                          = 3                                         {product} {ergonomic}
     uint ConcGCThreads                            = 1                                         {product} {ergonomic}
     uint G1ConcRefinementThreads                  = 4                                         {product} {ergonomic}
   size_t G1HeapRegionSize                         = 1048576                                   {product} {ergonomic}
    uintx GCDrainStackTargetSize                   = 64                                        {product} {ergonomic}
   size_t InitialHeapSize                          = 67108864                                  {product} {ergonomic}
   size_t MarkStackSize                            = 4194304                                   {product} {ergonomic}
   size_t MaxHeapSize                              = 1052770304                                {product} {ergonomic}
   size_t MaxNewSize                               = 631242752                                 {product} {ergonomic}
   size_t MinHeapDeltaBytes                        = 1048576                                   {product} {ergonomic}
   size_t MinHeapSize                              = 8388608                                   {product} {ergonomic}
    uintx NonNMethodCodeHeapSize                   = 5832780                                {pd product} {ergonomic}
    uintx NonProfiledCodeHeapSize                  = 122912730                              {pd product} {ergonomic}
    uintx ProfiledCodeHeapSize                     = 122912730                              {pd product} {ergonomic}
    uintx ReservedCodeCacheSize                    = 251658240                              {pd product} {ergonomic}
     bool SegmentedCodeCache                       = true                                      {product} {ergonomic}
   size_t SoftMaxHeapSize                          = 1052770304                             {manageable} {ergonomic}
     bool UseCompressedOops                        = true                           {product lp64_product} {ergonomic}
     bool UseG1GC                                  = true                                      {product} {ergonomic}
     bool UseLargePagesIndividualAllocation        = false                                  {pd product} {ergonomic}

Logging:
Log output configuration:
 #0: stdout all=warning uptime,level,tags foldmultilines=false
 #1: stderr all=off uptime,level,tags foldmultilines=false

Environment Variables:
JAVA_HOME=C:\Program Files\Java\jdk-21
PATH=C:\Program Files\Common Files\Oracle\Java\javapath;C:\Windows\system32;C:\Windows;C:\Windows\System32\Wbem;C:\Windows\System32\WindowsPowerShell\v1.0\;C:\Windows\System32\OpenSSH\;C:\Program Files\Java\jdk-21\bin;C:\Program Files\Docker\Docker\resources\bin;C:\Program Files\nodejs\;C:\Program Files\Git\cmd;C:\Program Files\MySQL\MySQL Shell 8.0\bin\;C:\Users\HP\AppData\Local\Microsoft\WindowsApps;C:\Users\HP\AppData\Local\Programs\Microsoft VS Code\bin;C:\Program Files\Maven\apache-maven-3.9.9\bin;C:\Users\HP\AppData\Roaming\npm
USERNAME=HP
OS=Windows_NT
PROCESSOR_IDENTIFIER=Intel64 Family 6 Model 61 Stepping 4, GenuineIntel
TMP=C:\Users\HP\AppData\Local\Temp
TEMP=C:\Users\HP\AppData\Local\Temp




Periodic native trim disabled

---------------  S Y S T E M  ---------------

OS:
 Windows 10 , 64 bit Build 19041 (10.0.19041.5678)
OS uptime: 47 days 12:25 hours
Hyper-V role detected

CPU: total 4 (initial active 4) (2 cores per cpu, 2 threads per core) family 6 model 61 stepping 4 microcode 0x2d, cx8, cmov, fxsr, ht, mmx, 3dnowpref, sse, sse2, sse3, ssse3, sse4.1, sse4.2, popcnt, lzcnt, tsc, tscinvbit, avx, avx2, aes, erms, clmul, bmi1, bmi2, adx, fma, vzeroupper, clflush, hv, rdtscp, f16c
Processor Information for all 4 processors :
  Max Mhz: 2000, Current Mhz: 2000, Mhz Limit: 2000

Memory: 4k page, system-wide physical 4008M (323M free)
TotalPageFile size 16296M (AvailPageFile size 5M)
current process WorkingSet (physical memory assigned to process): 282M, peak: 286M
current process commit charge ("private bytes"): 337M, peak: 340M

vm_info: Java HotSpot(TM) 64-Bit Server VM (21.0.5+9-LTS-239) for windows-amd64 JRE (21.0.5+9-LTS-239), built on 2024-09-30T05:17:38Z by "mach5one" with MS VC++ 17.6 (VS2022)

END.
